2025/09/03 22:17:46 [warn] 1#1: the "user" directive makes sense only if the master process runs with super-user privileges, ignored in /etc/nginx/nginx.conf:2
2025/09/03 22:17:46 [notice] 1#1: using the "epoll" event method
2025/09/03 22:17:46 [notice] 1#1: nginx/1.29.1
2025/09/03 22:17:46 [notice] 1#1: built by gcc 14.2.0 (Alpine 14.2.0) 
2025/09/03 22:17:46 [notice] 1#1: OS: Linux 6.6.87.2-microsoft-standard-WSL2
2025/09/03 22:17:46 [notice] 1#1: getrlimit(RLIMIT_NOFILE): 1048576:1048576
2025/09/03 22:17:46 [notice] 1#1: start worker processes
2025/09/03 22:17:46 [notice] 1#1: start worker process 22
2025/09/03 22:17:46 [notice] 1#1: start worker process 23
2025/09/03 22:17:46 [notice] 1#1: start worker process 24
2025/09/03 22:17:46 [notice] 1#1: start worker process 25
2025/09/03 22:17:46 [notice] 1#1: start worker process 26
2025/09/03 22:17:46 [notice] 1#1: start worker process 27
2025/09/03 22:17:46 [notice] 1#1: start worker process 28
2025/09/03 22:17:46 [notice] 1#1: start worker process 29
2025/09/03 22:17:46 [notice] 1#1: start worker process 30
2025/09/03 22:17:46 [notice] 1#1: start worker process 31
2025/09/03 22:17:46 [notice] 1#1: start worker process 32
2025/09/03 22:17:46 [notice] 1#1: start worker process 33
2025/09/03 22:22:54 [notice] 1#1: using the "epoll" event method
2025/09/03 22:22:54 [notice] 1#1: nginx/1.29.1
2025/09/03 22:22:54 [notice] 1#1: built by gcc 14.2.0 (Alpine 14.2.0) 
2025/09/03 22:22:54 [notice] 1#1: OS: Linux 6.6.87.2-microsoft-standard-WSL2
2025/09/03 22:22:54 [notice] 1#1: getrlimit(RLIMIT_NOFILE): 1048576:1048576
2025/09/03 22:22:54 [notice] 1#1: start worker processes
2025/09/03 22:22:54 [notice] 1#1: start worker process 22
2025/09/03 22:22:54 [notice] 1#1: start worker process 23
2025/09/03 22:22:54 [notice] 1#1: start worker process 24
2025/09/03 22:22:54 [notice] 1#1: start worker process 25
2025/09/03 22:22:54 [notice] 1#1: start worker process 26
2025/09/03 22:22:54 [notice] 1#1: start worker process 27
2025/09/03 22:22:54 [notice] 1#1: start worker process 28
2025/09/03 22:22:54 [notice] 1#1: start worker process 29
2025/09/03 22:22:54 [notice] 1#1: start worker process 30
2025/09/03 22:22:54 [notice] 1#1: start worker process 31
2025/09/03 22:22:54 [notice] 1#1: start worker process 32
2025/09/03 22:22:54 [notice] 1#1: start worker process 33
2025/09/03 22:23:06 [notice] 1#1: signal 3 (SIGQUIT) received, shutting down
2025/09/03 22:23:06 [notice] 22#22: gracefully shutting down
2025/09/03 22:23:06 [notice] 32#32: gracefully shutting down
2025/09/03 22:23:06 [notice] 23#23: gracefully shutting down
2025/09/03 22:23:06 [notice] 24#24: gracefully shutting down
2025/09/03 22:23:06 [notice] 25#25: gracefully shutting down
2025/09/03 22:23:06 [notice] 26#26: gracefully shutting down
2025/09/03 22:23:06 [notice] 27#27: gracefully shutting down
2025/09/03 22:23:06 [notice] 28#28: gracefully shutting down
2025/09/03 22:23:06 [notice] 28#28: exiting
2025/09/03 22:23:06 [notice] 30#30: gracefully shutting down
2025/09/03 22:23:06 [notice] 30#30: exiting
2025/09/03 22:23:06 [notice] 29#29: gracefully shutting down
2025/09/03 22:23:06 [notice] 31#31: gracefully shutting down
2025/09/03 22:23:06 [notice] 31#31: exiting
2025/09/03 22:23:06 [notice] 33#33: gracefully shutting down
2025/09/03 22:23:06 [notice] 22#22: exiting
2025/09/03 22:23:06 [notice] 32#32: exiting
2025/09/03 22:23:06 [notice] 23#23: exiting
2025/09/03 22:23:06 [notice] 24#24: exiting
2025/09/03 22:23:06 [notice] 25#25: exiting
2025/09/03 22:23:06 [notice] 26#26: exiting
2025/09/03 22:23:06 [notice] 27#27: exiting
2025/09/03 22:23:06 [notice] 28#28: exit
2025/09/03 22:23:06 [notice] 30#30: exit
2025/09/03 22:23:06 [notice] 29#29: exiting
2025/09/03 22:23:06 [notice] 31#31: exit
2025/09/03 22:23:06 [notice] 29#29: exit
2025/09/03 22:23:06 [notice] 33#33: exiting
2025/09/03 22:23:06 [notice] 22#22: exit
2025/09/03 22:23:06 [notice] 32#32: exit
2025/09/03 22:23:06 [notice] 23#23: exit
2025/09/03 22:23:06 [notice] 24#24: exit
2025/09/03 22:23:06 [notice] 25#25: exit
2025/09/03 22:23:06 [notice] 26#26: exit
2025/09/03 22:23:06 [notice] 27#27: exit
2025/09/03 22:23:06 [notice] 33#33: exit
2025/09/03 22:23:06 [notice] 1#1: signal 17 (SIGCHLD) received from 30
2025/09/03 22:23:06 [notice] 1#1: worker process 30 exited with code 0
2025/09/03 22:23:06 [notice] 1#1: signal 29 (SIGIO) received
2025/09/03 22:23:06 [notice] 1#1: signal 17 (SIGCHLD) received from 32
2025/09/03 22:23:06 [notice] 1#1: worker process 32 exited with code 0
2025/09/03 22:23:06 [notice] 1#1: signal 29 (SIGIO) received
2025/09/03 22:23:06 [notice] 1#1: signal 17 (SIGCHLD) received from 24
2025/09/03 22:23:06 [notice] 1#1: worker process 24 exited with code 0
2025/09/03 22:23:06 [notice] 1#1: worker process 25 exited with code 0
2025/09/03 22:23:06 [notice] 1#1: worker process 29 exited with code 0
2025/09/03 22:23:06 [notice] 1#1: signal 29 (SIGIO) received
2025/09/03 22:23:06 [notice] 1#1: signal 17 (SIGCHLD) received from 26
2025/09/03 22:23:06 [notice] 1#1: worker process 23 exited with code 0
2025/09/03 22:23:06 [notice] 1#1: worker process 26 exited with code 0
2025/09/03 22:23:06 [notice] 1#1: worker process 27 exited with code 0
2025/09/03 22:23:06 [notice] 1#1: signal 29 (SIGIO) received
2025/09/03 22:23:06 [notice] 1#1: signal 17 (SIGCHLD) received from 28
2025/09/03 22:23:06 [notice] 1#1: worker process 28 exited with code 0
2025/09/03 22:23:06 [notice] 1#1: signal 29 (SIGIO) received
2025/09/03 22:23:06 [notice] 1#1: signal 17 (SIGCHLD) received from 31
2025/09/03 22:23:06 [notice] 1#1: worker process 22 exited with code 0
2025/09/03 22:23:06 [notice] 1#1: worker process 31 exited with code 0
2025/09/03 22:23:06 [notice] 1#1: signal 29 (SIGIO) received
2025/09/03 22:23:06 [notice] 1#1: signal 17 (SIGCHLD) received from 33
2025/09/03 22:23:06 [notice] 1#1: worker process 33 exited with code 0
2025/09/03 22:23:06 [notice] 1#1: exit
2025/09/03 22:23:10 [notice] 1#1: using the "epoll" event method
2025/09/03 22:23:10 [notice] 1#1: nginx/1.29.1
2025/09/03 22:23:10 [notice] 1#1: built by gcc 14.2.0 (Alpine 14.2.0) 
2025/09/03 22:23:10 [notice] 1#1: OS: Linux 6.6.87.2-microsoft-standard-WSL2
2025/09/03 22:23:10 [notice] 1#1: getrlimit(RLIMIT_NOFILE): 1048576:1048576
2025/09/03 22:23:10 [notice] 1#1: start worker processes
2025/09/03 22:23:10 [notice] 1#1: start worker process 22
2025/09/03 22:23:10 [notice] 1#1: start worker process 23
2025/09/03 22:23:10 [notice] 1#1: start worker process 24
2025/09/03 22:23:10 [notice] 1#1: start worker process 25
2025/09/03 22:23:10 [notice] 1#1: start worker process 26
2025/09/03 22:23:10 [notice] 1#1: start worker process 27
2025/09/03 22:23:10 [notice] 1#1: start worker process 28
2025/09/03 22:23:10 [notice] 1#1: start worker process 29
2025/09/03 22:23:10 [notice] 1#1: start worker process 30
2025/09/03 22:23:10 [notice] 1#1: start worker process 31
2025/09/03 22:23:10 [notice] 1#1: start worker process 32
2025/09/03 22:23:10 [notice] 1#1: start worker process 33
2025/09/03 22:26:52 [notice] 1#1: signal 3 (SIGQUIT) received, shutting down
2025/09/03 22:26:52 [notice] 23#23: gracefully shutting down
2025/09/03 22:26:52 [notice] 22#22: gracefully shutting down
2025/09/03 22:26:52 [notice] 24#24: gracefully shutting down
2025/09/03 22:26:52 [notice] 25#25: gracefully shutting down
2025/09/03 22:26:52 [notice] 26#26: gracefully shutting down
2025/09/03 22:26:52 [notice] 26#26: exiting
2025/09/03 22:26:52 [notice] 27#27: gracefully shutting down
2025/09/03 22:26:52 [notice] 28#28: gracefully shutting down
2025/09/03 22:26:52 [notice] 29#29: gracefully shutting down
2025/09/03 22:26:52 [notice] 30#30: gracefully shutting down
2025/09/03 22:26:52 [notice] 31#31: gracefully shutting down
2025/09/03 22:26:52 [notice] 32#32: gracefully shutting down
2025/09/03 22:26:52 [notice] 33#33: gracefully shutting down
2025/09/03 22:26:52 [notice] 23#23: exiting
2025/09/03 22:26:52 [notice] 22#22: exiting
2025/09/03 22:26:52 [notice] 24#24: exiting
2025/09/03 22:26:52 [notice] 25#25: exiting
2025/09/03 22:26:52 [notice] 26#26: exit
2025/09/03 22:26:52 [notice] 27#27: exiting
2025/09/03 22:26:52 [notice] 28#28: exiting
2025/09/03 22:26:52 [notice] 29#29: exiting
2025/09/03 22:26:52 [notice] 30#30: exiting
2025/09/03 22:26:52 [notice] 29#29: exit
2025/09/03 22:26:52 [notice] 31#31: exiting
2025/09/03 22:26:52 [notice] 32#32: exiting
2025/09/03 22:26:52 [notice] 33#33: exiting
2025/09/03 22:26:52 [notice] 23#23: exit
2025/09/03 22:26:52 [notice] 22#22: exit
2025/09/03 22:26:52 [notice] 24#24: exit
2025/09/03 22:26:52 [notice] 25#25: exit
2025/09/03 22:26:52 [notice] 27#27: exit
2025/09/03 22:26:52 [notice] 28#28: exit
2025/09/03 22:26:52 [notice] 30#30: exit
2025/09/03 22:26:52 [notice] 31#31: exit
2025/09/03 22:26:52 [notice] 32#32: exit
2025/09/03 22:26:52 [notice] 33#33: exit
2025/09/03 22:26:52 [notice] 1#1: signal 17 (SIGCHLD) received from 25
2025/09/03 22:26:52 [notice] 1#1: worker process 25 exited with code 0
2025/09/03 22:26:52 [notice] 1#1: worker process 29 exited with code 0
2025/09/03 22:26:52 [notice] 1#1: worker process 31 exited with code 0
2025/09/03 22:26:52 [notice] 1#1: signal 29 (SIGIO) received
2025/09/03 22:26:52 [notice] 1#1: signal 17 (SIGCHLD) received from 22
2025/09/03 22:26:52 [notice] 1#1: worker process 22 exited with code 0
2025/09/03 22:26:52 [notice] 1#1: worker process 23 exited with code 0
2025/09/03 22:26:52 [notice] 1#1: worker process 24 exited with code 0
2025/09/03 22:26:52 [notice] 1#1: worker process 28 exited with code 0
2025/09/03 22:26:52 [notice] 1#1: worker process 30 exited with code 0
2025/09/03 22:26:52 [notice] 1#1: worker process 32 exited with code 0
2025/09/03 22:26:52 [notice] 1#1: signal 29 (SIGIO) received
2025/09/03 22:26:52 [notice] 1#1: signal 17 (SIGCHLD) received from 26
2025/09/03 22:26:52 [notice] 1#1: worker process 26 exited with code 0
2025/09/03 22:26:52 [notice] 1#1: worker process 27 exited with code 0
2025/09/03 22:26:52 [notice] 1#1: worker process 33 exited with code 0
2025/09/03 22:26:52 [notice] 1#1: exit
2025/09/03 22:58:20 [notice] 1#1: using the "epoll" event method
2025/09/03 22:58:20 [notice] 1#1: nginx/1.29.1
2025/09/03 22:58:20 [notice] 1#1: built by gcc 14.2.0 (Alpine 14.2.0) 
2025/09/03 22:58:20 [notice] 1#1: OS: Linux 6.6.87.2-microsoft-standard-WSL2
2025/09/03 22:58:20 [notice] 1#1: getrlimit(RLIMIT_NOFILE): 1048576:1048576
2025/09/03 22:58:20 [notice] 1#1: start worker processes
2025/09/03 22:58:20 [notice] 1#1: start worker process 22
2025/09/03 22:58:20 [notice] 1#1: start worker process 23
2025/09/03 22:58:20 [notice] 1#1: start worker process 24
2025/09/03 22:58:20 [notice] 1#1: start worker process 25
2025/09/03 22:58:20 [notice] 1#1: start worker process 26
2025/09/03 22:58:20 [notice] 1#1: start worker process 27
2025/09/03 22:58:20 [notice] 1#1: start worker process 28
2025/09/03 22:58:20 [notice] 1#1: start worker process 29
2025/09/03 22:58:20 [notice] 1#1: start worker process 30
2025/09/03 22:58:20 [notice] 1#1: start worker process 31
2025/09/03 22:58:20 [notice] 1#1: start worker process 32
2025/09/03 22:58:20 [notice] 1#1: start worker process 33
2025/09/03 23:02:29 [notice] 1#1: signal 3 (SIGQUIT) received, shutting down
2025/09/03 23:02:29 [notice] 24#24: gracefully shutting down
2025/09/03 23:02:29 [notice] 32#32: gracefully shutting down
2025/09/03 23:02:29 [notice] 23#23: gracefully shutting down
2025/09/03 23:02:29 [notice] 26#26: gracefully shutting down
2025/09/03 23:02:29 [notice] 28#28: gracefully shutting down
2025/09/03 23:02:29 [notice] 25#25: gracefully shutting down
2025/09/03 23:02:29 [notice] 27#27: gracefully shutting down
2025/09/03 23:02:29 [notice] 22#22: gracefully shutting down
2025/09/03 23:02:29 [notice] 29#29: gracefully shutting down
2025/09/03 23:02:29 [notice] 30#30: gracefully shutting down
2025/09/03 23:02:29 [notice] 31#31: gracefully shutting down
2025/09/03 23:02:29 [notice] 33#33: gracefully shutting down
2025/09/03 23:02:29 [notice] 24#24: exiting
2025/09/03 23:02:29 [notice] 32#32: exiting
2025/09/03 23:02:29 [notice] 24#24: exit
2025/09/03 23:02:29 [notice] 23#23: exiting
2025/09/03 23:02:29 [notice] 26#26: exiting
2025/09/03 23:02:29 [notice] 28#28: exiting
2025/09/03 23:02:29 [notice] 26#26: exit
2025/09/03 23:02:29 [notice] 25#25: exiting
2025/09/03 23:02:29 [notice] 27#27: exiting
2025/09/03 23:02:29 [notice] 22#22: exiting
2025/09/03 23:02:29 [notice] 29#29: exiting
2025/09/03 23:02:29 [notice] 30#30: exiting
2025/09/03 23:02:29 [notice] 31#31: exiting
2025/09/03 23:02:29 [notice] 33#33: exiting
2025/09/03 23:02:29 [notice] 31#31: exit
2025/09/03 23:02:29 [notice] 32#32: exit
2025/09/03 23:02:29 [notice] 23#23: exit
2025/09/03 23:02:29 [notice] 28#28: exit
2025/09/03 23:02:29 [notice] 25#25: exit
2025/09/03 23:02:29 [notice] 27#27: exit
2025/09/03 23:02:29 [notice] 22#22: exit
2025/09/03 23:02:29 [notice] 29#29: exit
2025/09/03 23:02:29 [notice] 30#30: exit
2025/09/03 23:02:29 [notice] 33#33: exit
2025/09/03 23:02:29 [notice] 1#1: signal 17 (SIGCHLD) received from 25
2025/09/03 23:02:29 [notice] 1#1: worker process 24 exited with code 0
2025/09/03 23:02:29 [notice] 1#1: worker process 25 exited with code 0
2025/09/03 23:02:29 [notice] 1#1: signal 29 (SIGIO) received
2025/09/03 23:02:29 [notice] 1#1: signal 17 (SIGCHLD) received from 24
2025/09/03 23:02:29 [notice] 1#1: signal 17 (SIGCHLD) received from 26
2025/09/03 23:02:29 [notice] 1#1: worker process 23 exited with code 0
2025/09/03 23:02:29 [notice] 1#1: worker process 26 exited with code 0
2025/09/03 23:02:29 [notice] 1#1: worker process 29 exited with code 0
2025/09/03 23:02:29 [notice] 1#1: worker process 33 exited with code 0
2025/09/03 23:02:29 [notice] 1#1: signal 29 (SIGIO) received
2025/09/03 23:02:29 [notice] 1#1: signal 17 (SIGCHLD) received from 23
2025/09/03 23:02:29 [notice] 1#1: signal 17 (SIGCHLD) received from 32
2025/09/03 23:02:29 [notice] 1#1: worker process 32 exited with code 0
2025/09/03 23:02:29 [notice] 1#1: signal 29 (SIGIO) received
2025/09/03 23:02:29 [notice] 1#1: signal 17 (SIGCHLD) received from 30
2025/09/03 23:02:29 [notice] 1#1: worker process 22 exited with code 0
2025/09/03 23:02:29 [notice] 1#1: worker process 28 exited with code 0
2025/09/03 23:02:29 [notice] 1#1: worker process 30 exited with code 0
2025/09/03 23:02:29 [notice] 1#1: signal 29 (SIGIO) received
2025/09/03 23:02:29 [notice] 1#1: signal 17 (SIGCHLD) received from 31
2025/09/03 23:02:29 [notice] 1#1: worker process 27 exited with code 0
2025/09/03 23:02:29 [notice] 1#1: worker process 31 exited with code 0
2025/09/03 23:02:29 [notice] 1#1: exit
